The target system is: Android - 1 - armv7-a
The host system is: Linux - 6.8.0-111-generic - x86_64
Compiling the C compiler identification source file "CMakeCCompilerId.c" succeeded.
Compiler: /home/chinmay/Android/Sdk/ndk/27.0.12077973/toolchains/llvm/prebuilt/linux-x86_64/bin/clang 
Build flags: -g;-DANDROID;-fdata-sections;-ffunction-sections;-funwind-tables;-fstack-protector-strong;-no-canonical-prefixes;-D__BIONIC_NO_PAGE_SIZE_MACRO;-D_FORTIFY_SOURCE=2;-march=armv7-a;-Wformat;-Werror=format-security;
Id flags: -c;--target=armv7-none-linux-androideabi21 

The output was:
0


Compilation of the C compiler identification source "CMakeCCompilerId.c" produced "CMakeCCompilerId.o"

The C compiler identification is Clang, found in "/home/chinmay/workspace/usb_cam_app_v4/uvc_cam_app/app/.cxx/Debug/3r3c2n1v/armeabi-v7a/CMakeFiles/3.22.1-g37088a8/CompilerIdC/CMakeCCompilerId.o"

Compiling the CXX compiler identification source file "CMakeCXXCompilerId.cpp" succeeded.
Compiler: /home/chinmay/Android/Sdk/ndk/27.0.12077973/toolchains/llvm/prebuilt/linux-x86_64/bin/clang++ 
Build flags: -g;-DANDROID;-fdata-sections;-ffunction-sections;-funwind-tables;-fstack-protector-strong;-no-canonical-prefixes;-D__BIONIC_NO_PAGE_SIZE_MACRO;-D_FORTIFY_SOURCE=2;-march=armv7-a;-Wformat;-Werror=format-security;;-std=c++11
Id flags: -c;--target=armv7-none-linux-androideabi21 

The output was:
0


Compilation of the CXX compiler identification source "CMakeCXXCompilerId.cpp" produced "CMakeCXXCompilerId.o"

The CXX compiler identification is Clang, found in "/home/chinmay/workspace/usb_cam_app_v4/uvc_cam_app/app/.cxx/Debug/3r3c2n1v/armeabi-v7a/CMakeFiles/3.22.1-g37088a8/CompilerIdCXX/CMakeCXXCompilerId.o"

Detecting C compiler ABI info compiled with the following output:
Change Dir: /home/chinmay/workspace/usb_cam_app_v4/uvc_cam_app/app/.cxx/Debug/3r3c2n1v/armeabi-v7a/CMakeFiles/CMakeTmp

Run Build Command(s):/home/chinmay/Android/Sdk/cmake/3.22.1/bin/ninja cmTC_6608d && [1/2] Building C object CMakeFiles/cmTC_6608d.dir/CMakeCCompilerABI.c.o
Android (12027248, +pgo, +bolt, +lto, +mlgo, based on r522817) clang version 18.0.1 (https://android.googlesource.com/toolchain/llvm-project d8003a456d14a3deb8054cdaa529ffbf02d9b262)
Target: armv7-none-linux-android21
Thread model: posix
InstalledDir: /home/chinmay/Android/Sdk/ndk/27.0.12077973/toolchains/llvm/prebuilt/linux-x86_64/bin
 (in-process)
 "/home/chinmay/Android/Sdk/ndk/27.0.12077973/toolchains/llvm/prebuilt/linux-x86_64/bin/clang" -cc1 -triple armv7-none-linux-android21 -emit-obj -mrelax-all -disable-free -clear-ast-before-backend -disable-llvm-verifier -discard-value-names -main-file-name CMakeCCompilerABI.c -mrelocation-model pic -pic-level 2 -pic-is-pie -mframe-pointer=all -ffp-contract=on -fno-rounding-math -mconstructor-aliases -funwind-tables=1 -target-cpu generic -target-feature +soft-float-abi -target-feature +vfp2 -target-feature +vfp2sp -target-feature +vfp3 -target-feature +vfp3d16 -target-feature +vfp3d16sp -target-feature +vfp3sp -target-feature -fp16 -target-feature -vfp4 -target-feature -vfp4d16 -target-feature -vfp4d16sp -target-feature -vfp4sp -target-feature -fp-armv8 -target-feature -fp-armv8d16 -target-feature -fp-armv8d16sp -target-feature -fp-armv8sp -target-feature -fullfp16 -target-feature +fp64 -target-feature +d32 -target-feature +neon -target-feature -sha2 -target-feature -aes -target-feature -fp16fml -target-abi aapcs-linux -mfloat-abi soft -debug-info-kind=constructor -dwarf-version=4 -debugger-tuning=gdb -fdebug-compilation-dir=/home/chinmay/workspace/usb_cam_app_v4/uvc_cam_app/app/.cxx/Debug/3r3c2n1v/armeabi-v7a/CMakeFiles/CMakeTmp -v -ffunction-sections -fdata-sections -fcoverage-compilation-dir=/home/chinmay/workspace/usb_cam_app_v4/uvc_cam_app/app/.cxx/Debug/3r3c2n1v/armeabi-v7a/CMakeFiles/CMakeTmp -resource-dir /home/chinmay/Android/Sdk/ndk/27.0.12077973/toolchains/llvm/prebuilt/linux-x86_64/lib/clang/18 -dependency-file CMakeFiles/cmTC_6608d.dir/CMakeCCompilerABI.c.o.d -MT CMakeFiles/cmTC_6608d.dir/CMakeCCompilerABI.c.o -sys-header-deps -D ANDROID -D __BIONIC_NO_PAGE_SIZE_MACRO -D _FORTIFY_SOURCE=2 -isysroot /home/chinmay/Android/Sdk/ndk/27.0.12077973/toolchains/llvm/prebuilt/linux-x86_64/sysroot -internal-isystem /home/chinmay/Android/Sdk/ndk/27.0.12077973/toolchains/llvm/prebuilt/linux-x86_64/lib/clang/18/include -internal-isystem /home/chinmay/Android/Sdk/ndk/27.0.12077973/toolchains/llvm/prebuilt/linux-x86_64/sysroot/usr/local/include -internal-externc-isystem /home/chinmay/Android/Sdk/ndk/27.0.12077973/toolchains/llvm/prebuilt/linux-x86_64/sysroot/usr/include/arm-linux-androideabi -internal-externc-isystem /home/chinmay/Android/Sdk/ndk/27.0.12077973/toolchains/llvm/prebuilt/linux-x86_64/sysroot/include -internal-externc-isystem /home/chinmay/Android/Sdk/ndk/27.0.12077973/toolchains/llvm/prebuilt/linux-x86_64/sysroot/usr/include -Wformat -ferror-limit 19 -femulated-tls -stack-protector 2 -fno-signed-char -fgnuc-version=4.2.1 -D__GCC_HAVE_DWARF2_CFI_ASM=1 -o CMakeFiles/cmTC_6608d.dir/CMakeCCompilerABI.c.o -x c /home/chinmay/Android/Sdk/cmake/3.22.1/share/cmake-3.22/Modules/CMakeCCompilerABI.c
clang -cc1 version 18.0.1 based upon LLVM 18.0.1 default target x86_64-unknown-linux-gnu
ignoring nonexistent directory "/home/chinmay/Android/Sdk/ndk/27.0.12077973/toolchains/llvm/prebuilt/linux-x86_64/sysroot/usr/local/include"
ignoring nonexistent directory "/home/chinmay/Android/Sdk/ndk/27.0.12077973/toolchains/llvm/prebuilt/linux-x86_64/sysroot/include"
#include "..." search starts here:
#include <...> search starts here:
 /home/chinmay/Android/Sdk/ndk/27.0.12077973/toolchains/llvm/prebuilt/linux-x86_64/lib/clang/18/include
 /home/chinmay/Android/Sdk/ndk/27.0.12077973/toolchains/llvm/prebuilt/linux-x86_64/sysroot/usr/include/arm-linux-androideabi
 /home/chinmay/Android/Sdk/ndk/27.0.12077973/toolchains/llvm/prebuilt/linux-x86_64/sysroot/usr/include
End of search list.
[2/2] Linking C executable cmTC_6608d
Android (12027248, +pgo, +bolt, +lto, +mlgo, based on r522817) clang version 18.0.1 (https://android.googlesource.com/toolchain/llvm-project d8003a456d14a3deb8054cdaa529ffbf02d9b262)
Target: armv7-none-linux-android21
Thread model: posix
InstalledDir: /home/chinmay/Android/Sdk/ndk/27.0.12077973/toolchains/llvm/prebuilt/linux-x86_64/bin
 "/home/chinmay/Android/Sdk/ndk/27.0.12077973/toolchains/llvm/prebuilt/linux-x86_64/bin/ld.lld" --sysroot=/home/chinmay/Android/Sdk/ndk/27.0.12077973/toolchains/llvm/prebuilt/linux-x86_64/sysroot -EL -z now -z relro -z max-page-size=4096 -X --hash-style=both --eh-frame-hdr -m armelf_linux_eabi -pie -dynamic-linker /system/bin/linker -o cmTC_6608d /home/chinmay/Android/Sdk/ndk/27.0.12077973/toolchains/llvm/prebuilt/linux-x86_64/sysroot/usr/lib/arm-linux-androideabi/21/crtbegin_dynamic.o -L/home/chinmay/Android/Sdk/ndk/27.0.12077973/toolchains/llvm/prebuilt/linux-x86_64/lib/clang/18/lib/linux/arm -L/home/chinmay/Android/Sdk/ndk/27.0.12077973/toolchains/llvm/prebuilt/linux-x86_64/sysroot/usr/lib/arm-linux-androideabi/21 -L/home/chinmay/Android/Sdk/ndk/27.0.12077973/toolchains/llvm/prebuilt/linux-x86_64/sysroot/usr/lib/arm-linux-androideabi -L/home/chinmay/Android/Sdk/ndk/27.0.12077973/toolchains/llvm/prebuilt/linux-x86_64/sysroot/usr/lib/../lib -L/home/chinmay/Android/Sdk/ndk/27.0.12077973/toolchains/llvm/prebuilt/linux-x86_64/sysroot/usr/lib --build-id=sha1 --no-rosegment --no-undefined-version --fatal-warnings --no-undefined CMakeFiles/cmTC_6608d.dir/CMakeCCompilerABI.c.o /home/chinmay/Android/Sdk/ndk/27.0.12077973/toolchains/llvm/prebuilt/linux-x86_64/lib/clang/18/lib/linux/libclang_rt.builtins-arm-android.a -l:libunwind.a -ldl -lc /home/chinmay/Android/Sdk/ndk/27.0.12077973/toolchains/llvm/prebuilt/linux-x86_64/lib/clang/18/lib/linux/libclang_rt.builtins-arm-android.a -l:libunwind.a -ldl /home/chinmay/Android/Sdk/ndk/27.0.12077973/toolchains/llvm/prebuilt/linux-x86_64/sysroot/usr/lib/arm-linux-androideabi/21/crtend_android.o



Parsed C implicit include dir info from above output: rv=done
  found start of include info
  found start of implicit include info
    add: [/home/chinmay/Android/Sdk/ndk/27.0.12077973/toolchains/llvm/prebuilt/linux-x86_64/lib/clang/18/include]
    add: [/home/chinmay/Android/Sdk/ndk/27.0.12077973/toolchains/llvm/prebuilt/linux-x86_64/sysroot/usr/include/arm-linux-androideabi]
    add: [/home/chinmay/Android/Sdk/ndk/27.0.12077973/toolchains/llvm/prebuilt/linux-x86_64/sysroot/usr/include]
  end of search list found
  collapse include dir [/home/chinmay/Android/Sdk/ndk/27.0.12077973/toolchains/llvm/prebuilt/linux-x86_64/lib/clang/18/include] ==> [/home/chinmay/Android/Sdk/ndk/27.0.12077973/toolchains/llvm/prebuilt/linux-x86_64/lib/clang/18/include]
  collapse include dir [/home/chinmay/Android/Sdk/ndk/27.0.12077973/toolchains/llvm/prebuilt/linux-x86_64/sysroot/usr/include/arm-linux-androideabi] ==> [/home/chinmay/Android/Sdk/ndk/27.0.12077973/toolchains/llvm/prebuilt/linux-x86_64/sysroot/usr/include/arm-linux-androideabi]
  collapse include dir [/home/chinmay/Android/Sdk/ndk/27.0.12077973/toolchains/llvm/prebuilt/linux-x86_64/sysroot/usr/include] ==> [/home/chinmay/Android/Sdk/ndk/27.0.12077973/toolchains/llvm/prebuilt/linux-x86_64/sysroot/usr/include]
  implicit include dirs: [/home/chinmay/Android/Sdk/ndk/27.0.12077973/toolchains/llvm/prebuilt/linux-x86_64/lib/clang/18/include;/home/chinmay/Android/Sdk/ndk/27.0.12077973/toolchains/llvm/prebuilt/linux-x86_64/sysroot/usr/include/arm-linux-androideabi;/home/chinmay/Android/Sdk/ndk/27.0.12077973/toolchains/llvm/prebuilt/linux-x86_64/sysroot/usr/include]


Parsed C implicit link information from above output:
  link line regex: [^( *|.*[/\])(ld\.lld|CMAKE_LINK_STARTFILE-NOTFOUND|([^/\]+-)?ld|collect2)[^/\]*( |$)]
  ignore line: [Change Dir: /home/chinmay/workspace/usb_cam_app_v4/uvc_cam_app/app/.cxx/Debug/3r3c2n1v/armeabi-v7a/CMakeFiles/CMakeTmp]
  ignore line: []
  ignore line: [Run Build Command(s):/home/chinmay/Android/Sdk/cmake/3.22.1/bin/ninja cmTC_6608d && [1/2] Building C object CMakeFiles/cmTC_6608d.dir/CMakeCCompilerABI.c.o]
  ignore line: [Android (12027248  +pgo  +bolt  +lto  +mlgo  based on r522817) clang version 18.0.1 (https://android.googlesource.com/toolchain/llvm-project d8003a456d14a3deb8054cdaa529ffbf02d9b262)]
  ignore line: [Target: armv7-none-linux-android21]
  ignore line: [Thread model: posix]
  ignore line: [InstalledDir: /home/chinmay/Android/Sdk/ndk/27.0.12077973/toolchains/llvm/prebuilt/linux-x86_64/bin]
  ignore line: [ (in-process)]
  ignore line: [ "/home/chinmay/Android/Sdk/ndk/27.0.12077973/toolchains/llvm/prebuilt/linux-x86_64/bin/clang" -cc1 -triple armv7-none-linux-android21 -emit-obj -mrelax-all -disable-free -clear-ast-before-backend -disable-llvm-verifier -discard-value-names -main-file-name CMakeCCompilerABI.c -mrelocation-model pic -pic-level 2 -pic-is-pie -mframe-pointer=all -ffp-contract=on -fno-rounding-math -mconstructor-aliases -funwind-tables=1 -target-cpu generic -target-feature +soft-float-abi -target-feature +vfp2 -target-feature +vfp2sp -target-feature +vfp3 -target-feature +vfp3d16 -target-feature +vfp3d16sp -target-feature +vfp3sp -target-feature -fp16 -target-feature -vfp4 -target-feature -vfp4d16 -target-feature -vfp4d16sp -target-feature -vfp4sp -target-feature -fp-armv8 -target-feature -fp-armv8d16 -target-feature -fp-armv8d16sp -target-feature -fp-armv8sp -target-feature -fullfp16 -target-feature +fp64 -target-feature +d32 -target-feature +neon -target-feature -sha2 -target-feature -aes -target-feature -fp16fml -target-abi aapcs-linux -mfloat-abi soft -debug-info-kind=constructor -dwarf-version=4 -debugger-tuning=gdb -fdebug-compilation-dir=/home/chinmay/workspace/usb_cam_app_v4/uvc_cam_app/app/.cxx/Debug/3r3c2n1v/armeabi-v7a/CMakeFiles/CMakeTmp -v -ffunction-sections -fdata-sections -fcoverage-compilation-dir=/home/chinmay/workspace/usb_cam_app_v4/uvc_cam_app/app/.cxx/Debug/3r3c2n1v/armeabi-v7a/CMakeFiles/CMakeTmp -resource-dir /home/chinmay/Android/Sdk/ndk/27.0.12077973/toolchains/llvm/prebuilt/linux-x86_64/lib/clang/18 -dependency-file CMakeFiles/cmTC_6608d.dir/CMakeCCompilerABI.c.o.d -MT CMakeFiles/cmTC_6608d.dir/CMakeCCompilerABI.c.o -sys-header-deps -D ANDROID -D __BIONIC_NO_PAGE_SIZE_MACRO -D _FORTIFY_SOURCE=2 -isysroot /home/chinmay/Android/Sdk/ndk/27.0.12077973/toolchains/llvm/prebuilt/linux-x86_64/sysroot -internal-isystem /home/chinmay/Android/Sdk/ndk/27.0.12077973/toolchains/llvm/prebuilt/linux-x86_64/lib/clang/18/include -internal-isystem /home/chinmay/Android/Sdk/ndk/27.0.12077973/toolchains/llvm/prebuilt/linux-x86_64/sysroot/usr/local/include -internal-externc-isystem /home/chinmay/Android/Sdk/ndk/27.0.12077973/toolchains/llvm/prebuilt/linux-x86_64/sysroot/usr/include/arm-linux-androideabi -internal-externc-isystem /home/chinmay/Android/Sdk/ndk/27.0.12077973/toolchains/llvm/prebuilt/linux-x86_64/sysroot/include -internal-externc-isystem /home/chinmay/Android/Sdk/ndk/27.0.12077973/toolchains/llvm/prebuilt/linux-x86_64/sysroot/usr/include -Wformat -ferror-limit 19 -femulated-tls -stack-protector 2 -fno-signed-char -fgnuc-version=4.2.1 -D__GCC_HAVE_DWARF2_CFI_ASM=1 -o CMakeFiles/cmTC_6608d.dir/CMakeCCompilerABI.c.o -x c /home/chinmay/Android/Sdk/cmake/3.22.1/share/cmake-3.22/Modules/CMakeCCompilerABI.c]
  ignore line: [clang -cc1 version 18.0.1 based upon LLVM 18.0.1 default target x86_64-unknown-linux-gnu]
  ignore line: [ignoring nonexistent directory "/home/chinmay/Android/Sdk/ndk/27.0.12077973/toolchains/llvm/prebuilt/linux-x86_64/sysroot/usr/local/include"]
  ignore line: [ignoring nonexistent directory "/home/chinmay/Android/Sdk/ndk/27.0.12077973/toolchains/llvm/prebuilt/linux-x86_64/sysroot/include"]
  ignore line: [#include "..." search starts here:]
  ignore line: [#include <...> search starts here:]
  ignore line: [ /home/chinmay/Android/Sdk/ndk/27.0.12077973/toolchains/llvm/prebuilt/linux-x86_64/lib/clang/18/include]
  ignore line: [ /home/chinmay/Android/Sdk/ndk/27.0.12077973/toolchains/llvm/prebuilt/linux-x86_64/sysroot/usr/include/arm-linux-androideabi]
  ignore line: [ /home/chinmay/Android/Sdk/ndk/27.0.12077973/toolchains/llvm/prebuilt/linux-x86_64/sysroot/usr/include]
  ignore line: [End of search list.]
  ignore line: [[2/2] Linking C executable cmTC_6608d]
  ignore line: [Android (12027248  +pgo  +bolt  +lto  +mlgo  based on r522817) clang version 18.0.1 (https://android.googlesource.com/toolchain/llvm-project d8003a456d14a3deb8054cdaa529ffbf02d9b262)]
  ignore line: [Target: armv7-none-linux-android21]
  ignore line: [Thread model: posix]
  ignore line: [InstalledDir: /home/chinmay/Android/Sdk/ndk/27.0.12077973/toolchains/llvm/prebuilt/linux-x86_64/bin]
  link line: [ "/home/chinmay/Android/Sdk/ndk/27.0.12077973/toolchains/llvm/prebuilt/linux-x86_64/bin/ld.lld" --sysroot=/home/chinmay/Android/Sdk/ndk/27.0.12077973/toolchains/llvm/prebuilt/linux-x86_64/sysroot -EL -z now -z relro -z max-page-size=4096 -X --hash-style=both --eh-frame-hdr -m armelf_linux_eabi -pie -dynamic-linker /system/bin/linker -o cmTC_6608d /home/chinmay/Android/Sdk/ndk/27.0.12077973/toolchains/llvm/prebuilt/linux-x86_64/sysroot/usr/lib/arm-linux-androideabi/21/crtbegin_dynamic.o -L/home/chinmay/Android/Sdk/ndk/27.0.12077973/toolchains/llvm/prebuilt/linux-x86_64/lib/clang/18/lib/linux/arm -L/home/chinmay/Android/Sdk/ndk/27.0.12077973/toolchains/llvm/prebuilt/linux-x86_64/sysroot/usr/lib/arm-linux-androideabi/21 -L/home/chinmay/Android/Sdk/ndk/27.0.12077973/toolchains/llvm/prebuilt/linux-x86_64/sysroot/usr/lib/arm-linux-androideabi -L/home/chinmay/Android/Sdk/ndk/27.0.12077973/toolchains/llvm/prebuilt/linux-x86_64/sysroot/usr/lib/../lib -L/home/chinmay/Android/Sdk/ndk/27.0.12077973/toolchains/llvm/prebuilt/linux-x86_64/sysroot/usr/lib --build-id=sha1 --no-rosegment --no-undefined-version --fatal-warnings --no-undefined CMakeFiles/cmTC_6608d.dir/CMakeCCompilerABI.c.o /home/chinmay/Android/Sdk/ndk/27.0.12077973/toolchains/llvm/prebuilt/linux-x86_64/lib/clang/18/lib/linux/libclang_rt.builtins-arm-android.a -l:libunwind.a -ldl -lc /home/chinmay/Android/Sdk/ndk/27.0.12077973/toolchains/llvm/prebuilt/linux-x86_64/lib/clang/18/lib/linux/libclang_rt.builtins-arm-android.a -l:libunwind.a -ldl /home/chinmay/Android/Sdk/ndk/27.0.12077973/toolchains/llvm/prebuilt/linux-x86_64/sysroot/usr/lib/arm-linux-androideabi/21/crtend_android.o]
    arg [/home/chinmay/Android/Sdk/ndk/27.0.12077973/toolchains/llvm/prebuilt/linux-x86_64/bin/ld.lld] ==> ignore
    arg [--sysroot=/home/chinmay/Android/Sdk/ndk/27.0.12077973/toolchains/llvm/prebuilt/linux-x86_64/sysroot] ==> ignore
    arg [-EL] ==> ignore
    arg [-znow] ==> ignore
    arg [-zrelro] ==> ignore
    arg [-zmax-page-size=4096] ==> ignore
    arg [-X] ==> ignore
    arg [--hash-style=both] ==> ignore
    arg [--eh-frame-hdr] ==> ignore
    arg [-m] ==> ignore
    arg [armelf_linux_eabi] ==> ignore
    arg [-pie] ==> ignore
    arg [-dynamic-linker] ==> ignore
    arg [/system/bin/linker] ==> ignore
    arg [-o] ==> ignore
    arg [cmTC_6608d] ==> ignore
    arg [/home/chinmay/Android/Sdk/ndk/27.0.12077973/toolchains/llvm/prebuilt/linux-x86_64/sysroot/usr/lib/arm-linux-androideabi/21/crtbegin_dynamic.o] ==> obj [/home/chinmay/Android/Sdk/ndk/27.0.12077973/toolchains/llvm/prebuilt/linux-x86_64/sysroot/usr/lib/arm-linux-androideabi/21/crtbegin_dynamic.o]
    arg [-L/home/chinmay/Android/Sdk/ndk/27.0.12077973/toolchains/llvm/prebuilt/linux-x86_64/lib/clang/18/lib/linux/arm] ==> dir [/home/chinmay/Android/Sdk/ndk/27.0.12077973/toolchains/llvm/prebuilt/linux-x86_64/lib/clang/18/lib/linux/arm]
    arg [-L/home/chinmay/Android/Sdk/ndk/27.0.12077973/toolchains/llvm/prebuilt/linux-x86_64/sysroot/usr/lib/arm-linux-androideabi/21] ==> dir [/home/chinmay/Android/Sdk/ndk/27.0.12077973/toolchains/llvm/prebuilt/linux-x86_64/sysroot/usr/lib/arm-linux-androideabi/21]
    arg [-L/home/chinmay/Android/Sdk/ndk/27.0.12077973/toolchains/llvm/prebuilt/linux-x86_64/sysroot/usr/lib/arm-linux-androideabi] ==> dir [/home/chinmay/Android/Sdk/ndk/27.0.12077973/toolchains/llvm/prebuilt/linux-x86_64/sysroot/usr/lib/arm-linux-androideabi]
    arg [-L/home/chinmay/Android/Sdk/ndk/27.0.12077973/toolchains/llvm/prebuilt/linux-x86_64/sysroot/usr/lib/../lib] ==> dir [/home/chinmay/Android/Sdk/ndk/27.0.12077973/toolchains/llvm/prebuilt/linux-x86_64/sysroot/usr/lib/../lib]
    arg [-L/home/chinmay/Android/Sdk/ndk/27.0.12077973/toolchains/llvm/prebuilt/linux-x86_64/sysroot/usr/lib] ==> dir [/home/chinmay/Android/Sdk/ndk/27.0.12077973/toolchains/llvm/prebuilt/linux-x86_64/sysroot/usr/lib]
    arg [--build-id=sha1] ==> ignore
    arg [--no-rosegment] ==> ignore
    arg [--no-undefined-version] ==> ignore
    arg [--fatal-warnings] ==> ignore
    arg [--no-undefined] ==> ignore
    arg [CMakeFiles/cmTC_6608d.dir/CMakeCCompilerABI.c.o] ==> ignore
    arg [/home/chinmay/Android/Sdk/ndk/27.0.12077973/toolchains/llvm/prebuilt/linux-x86_64/lib/clang/18/lib/linux/libclang_rt.builtins-arm-android.a] ==> lib [/home/chinmay/Android/Sdk/ndk/27.0.12077973/toolchains/llvm/prebuilt/linux-x86_64/lib/clang/18/lib/linux/libclang_rt.builtins-arm-android.a]
    arg [-l:libunwind.a] ==> lib [-l:libunwind.a]
    arg [-ldl] ==> lib [dl]
    arg [-lc] ==> lib [c]
    arg [/home/chinmay/Android/Sdk/ndk/27.0.12077973/toolchains/llvm/prebuilt/linux-x86_64/lib/clang/18/lib/linux/libclang_rt.builtins-arm-android.a] ==> lib [/home/chinmay/Android/Sdk/ndk/27.0.12077973/toolchains/llvm/prebuilt/linux-x86_64/lib/clang/18/lib/linux/libclang_rt.builtins-arm-android.a]
    arg [-l:libunwind.a] ==> lib [-l:libunwind.a]
    arg [-ldl] ==> lib [dl]
    arg [/home/chinmay/Android/Sdk/ndk/27.0.12077973/toolchains/llvm/prebuilt/linux-x86_64/sysroot/usr/lib/arm-linux-androideabi/21/crtend_android.o] ==> obj [/home/chinmay/Android/Sdk/ndk/27.0.12077973/toolchains/llvm/prebuilt/linux-x86_64/sysroot/usr/lib/arm-linux-androideabi/21/crtend_android.o]
  remove lib [/home/chinmay/Android/Sdk/ndk/27.0.12077973/toolchains/llvm/prebuilt/linux-x86_64/lib/clang/18/lib/linux/libclang_rt.builtins-arm-android.a]
  remove lib [/home/chinmay/Android/Sdk/ndk/27.0.12077973/toolchains/llvm/prebuilt/linux-x86_64/lib/clang/18/lib/linux/libclang_rt.builtins-arm-android.a]
  collapse library dir [/home/chinmay/Android/Sdk/ndk/27.0.12077973/toolchains/llvm/prebuilt/linux-x86_64/lib/clang/18/lib/linux/arm] ==> [/home/chinmay/Android/Sdk/ndk/27.0.12077973/toolchains/llvm/prebuilt/linux-x86_64/lib/clang/18/lib/linux/arm]
  collapse library dir [/home/chinmay/Android/Sdk/ndk/27.0.12077973/toolchains/llvm/prebuilt/linux-x86_64/sysroot/usr/lib/arm-linux-androideabi/21] ==> [/home/chinmay/Android/Sdk/ndk/27.0.12077973/toolchains/llvm/prebuilt/linux-x86_64/sysroot/usr/lib/arm-linux-androideabi/21]
  collapse library dir [/home/chinmay/Android/Sdk/ndk/27.0.12077973/toolchains/llvm/prebuilt/linux-x86_64/sysroot/usr/lib/arm-linux-androideabi] ==> [/home/chinmay/Android/Sdk/ndk/27.0.12077973/toolchains/llvm/prebuilt/linux-x86_64/sysroot/usr/lib/arm-linux-androideabi]
  collapse library dir [/home/chinmay/Android/Sdk/ndk/27.0.12077973/toolchains/llvm/prebuilt/linux-x86_64/sysroot/usr/lib/../lib] ==> [/home/chinmay/Android/Sdk/ndk/27.0.12077973/toolchains/llvm/prebuilt/linux-x86_64/sysroot/usr/lib]
  collapse library dir [/home/chinmay/Android/Sdk/ndk/27.0.12077973/toolchains/llvm/prebuilt/linux-x86_64/sysroot/usr/lib] ==> [/home/chinmay/Android/Sdk/ndk/27.0.12077973/toolchains/llvm/prebuilt/linux-x86_64/sysroot/usr/lib]
  implicit libs: [-l:libunwind.a;dl;c;-l:libunwind.a;dl]
  implicit objs: [/home/chinmay/Android/Sdk/ndk/27.0.12077973/toolchains/llvm/prebuilt/linux-x86_64/sysroot/usr/lib/arm-linux-androideabi/21/crtbegin_dynamic.o;/home/chinmay/Android/Sdk/ndk/27.0.12077973/toolchains/llvm/prebuilt/linux-x86_64/sysroot/usr/lib/arm-linux-androideabi/21/crtend_android.o]
  implicit dirs: [/home/chinmay/Android/Sdk/ndk/27.0.12077973/toolchains/llvm/prebuilt/linux-x86_64/lib/clang/18/lib/linux/arm;/home/chinmay/Android/Sdk/ndk/27.0.12077973/toolchains/llvm/prebuilt/linux-x86_64/sysroot/usr/lib/arm-linux-androideabi/21;/home/chinmay/Android/Sdk/ndk/27.0.12077973/toolchains/llvm/prebuilt/linux-x86_64/sysroot/usr/lib/arm-linux-androideabi;/home/chinmay/Android/Sdk/ndk/27.0.12077973/toolchains/llvm/prebuilt/linux-x86_64/sysroot/usr/lib]
  implicit fwks: []


Detecting CXX compiler ABI info compiled with the following output:
Change Dir: /home/chinmay/workspace/usb_cam_app_v4/uvc_cam_app/app/.cxx/Debug/3r3c2n1v/armeabi-v7a/CMakeFiles/CMakeTmp

Run Build Command(s):/home/chinmay/Android/Sdk/cmake/3.22.1/bin/ninja cmTC_f6907 && [1/2] Building CXX object CMakeFiles/cmTC_f6907.dir/CMakeCXXCompilerABI.cpp.o
Android (12027248, +pgo, +bolt, +lto, +mlgo, based on r522817) clang version 18.0.1 (https://android.googlesource.com/toolchain/llvm-project d8003a456d14a3deb8054cdaa529ffbf02d9b262)
Target: armv7-none-linux-android21
Thread model: posix
InstalledDir: /home/chinmay/Android/Sdk/ndk/27.0.12077973/toolchains/llvm/prebuilt/linux-x86_64/bin
 (in-process)
 "/home/chinmay/Android/Sdk/ndk/27.0.12077973/toolchains/llvm/prebuilt/linux-x86_64/bin/clang++" -cc1 -triple armv7-none-linux-android21 -emit-obj -mrelax-all -disable-free -clear-ast-before-backend -disable-llvm-verifier -discard-value-names -main-file-name CMakeCXXCompilerABI.cpp -mrelocation-model pic -pic-level 2 -pic-is-pie -mframe-pointer=all -ffp-contract=on -fno-rounding-math -mconstructor-aliases -funwind-tables=1 -target-cpu generic -target-feature +soft-float-abi -target-feature +vfp2 -target-feature +vfp2sp -target-feature +vfp3 -target-feature +vfp3d16 -target-feature +vfp3d16sp -target-feature +vfp3sp -target-feature -fp16 -target-feature -vfp4 -target-feature -vfp4d16 -target-feature -vfp4d16sp -target-feature -vfp4sp -target-feature -fp-armv8 -target-feature -fp-armv8d16 -target-feature -fp-armv8d16sp -target-feature -fp-armv8sp -target-feature -fullfp16 -target-feature +fp64 -target-feature +d32 -target-feature +neon -target-feature -sha2 -target-feature -aes -target-feature -fp16fml -target-abi aapcs-linux -mfloat-abi soft -debug-info-kind=constructor -dwarf-version=4 -debugger-tuning=gdb -fdebug-compilation-dir=/home/chinmay/workspace/usb_cam_app_v4/uvc_cam_app/app/.cxx/Debug/3r3c2n1v/armeabi-v7a/CMakeFiles/CMakeTmp -v -ffunction-sections -fdata-sections -fcoverage-compilation-dir=/home/chinmay/workspace/usb_cam_app_v4/uvc_cam_app/app/.cxx/Debug/3r3c2n1v/armeabi-v7a/CMakeFiles/CMakeTmp -resource-dir /home/chinmay/Android/Sdk/ndk/27.0.12077973/toolchains/llvm/prebuilt/linux-x86_64/lib/clang/18 -dependency-file CMakeFiles/cmTC_f6907.dir/CMakeCXXCompilerABI.cpp.o.d -MT CMakeFiles/cmTC_f6907.dir/CMakeCXXCompilerABI.cpp.o -sys-header-deps -D ANDROID -D __BIONIC_NO_PAGE_SIZE_MACRO -D _FORTIFY_SOURCE=2 -isysroot /home/chinmay/Android/Sdk/ndk/27.0.12077973/toolchains/llvm/prebuilt/linux-x86_64/sysroot -internal-isystem /home/chinmay/Android/Sdk/ndk/27.0.12077973/toolchains/llvm/prebuilt/linux-x86_64/sysroot/usr/include/c++/v1 -internal-isystem /home/chinmay/Android/Sdk/ndk/27.0.12077973/toolchains/llvm/prebuilt/linux-x86_64/lib/clang/18/include -internal-isystem /home/chinmay/Android/Sdk/ndk/27.0.12077973/toolchains/llvm/prebuilt/linux-x86_64/sysroot/usr/local/include -internal-externc-isystem /home/chinmay/Android/Sdk/ndk/27.0.12077973/toolchains/llvm/prebuilt/linux-x86_64/sysroot/usr/include/arm-linux-androideabi -internal-externc-isystem /home/chinmay/Android/Sdk/ndk/27.0.12077973/toolchains/llvm/prebuilt/linux-x86_64/sysroot/include -internal-externc-isystem /home/chinmay/Android/Sdk/ndk/27.0.12077973/toolchains/llvm/prebuilt/linux-x86_64/sysroot/usr/include -Wformat -std=c++11 -fdeprecated-macro -ferror-limit 19 -femulated-tls -stack-protector 2 -fno-signed-char -fgnuc-version=4.2.1 -fcxx-exceptions -fexceptions -D__GCC_HAVE_DWARF2_CFI_ASM=1 -o CMakeFiles/cmTC_f6907.dir/CMakeCXXCompilerABI.cpp.o -x c++ /home/chinmay/Android/Sdk/cmake/3.22.1/share/cmake-3.22/Modules/CMakeCXXCompilerABI.cpp
clang -cc1 version 18.0.1 based upon LLVM 18.0.1 default target x86_64-unknown-linux-gnu
ignoring nonexistent directory "/home/chinmay/Android/Sdk/ndk/27.0.12077973/toolchains/llvm/prebuilt/linux-x86_64/sysroot/usr/local/include"
ignoring nonexistent directory "/home/chinmay/Android/Sdk/ndk/27.0.12077973/toolchains/llvm/prebuilt/linux-x86_64/sysroot/include"
#include "..." search starts here:
#include <...> search starts here:
 /home/chinmay/Android/Sdk/ndk/27.0.12077973/toolchains/llvm/prebuilt/linux-x86_64/sysroot/usr/include/c++/v1
 /home/chinmay/Android/Sdk/ndk/27.0.12077973/toolchains/llvm/prebuilt/linux-x86_64/lib/clang/18/include
 /home/chinmay/Android/Sdk/ndk/27.0.12077973/toolchains/llvm/prebuilt/linux-x86_64/sysroot/usr/include/arm-linux-androideabi
 /home/chinmay/Android/Sdk/ndk/27.0.12077973/toolchains/llvm/prebuilt/linux-x86_64/sysroot/usr/include
End of search list.
[2/2] Linking CXX executable cmTC_f6907
Android (12027248, +pgo, +bolt, +lto, +mlgo, based on r522817) clang version 18.0.1 (https://android.googlesource.com/toolchain/llvm-project d8003a456d14a3deb8054cdaa529ffbf02d9b262)
Target: armv7-none-linux-android21
Thread model: posix
InstalledDir: /home/chinmay/Android/Sdk/ndk/27.0.12077973/toolchains/llvm/prebuilt/linux-x86_64/bin
 "/home/chinmay/Android/Sdk/ndk/27.0.12077973/toolchains/llvm/prebuilt/linux-x86_64/bin/ld.lld" --sysroot=/home/chinmay/Android/Sdk/ndk/27.0.12077973/toolchains/llvm/prebuilt/linux-x86_64/sysroot -EL -z now -z relro -z max-page-size=4096 -X --hash-style=both --eh-frame-hdr -m armelf_linux_eabi -pie -dynamic-linker /system/bin/linker -o cmTC_f6907 /home/chinmay/Android/Sdk/ndk/27.0.12077973/toolchains/llvm/prebuilt/linux-x86_64/sysroot/usr/lib/arm-linux-androideabi/21/crtbegin_dynamic.o -L/home/chinmay/Android/Sdk/ndk/27.0.12077973/toolchains/llvm/prebuilt/linux-x86_64/lib/clang/18/lib/linux/arm -L/home/chinmay/Android/Sdk/ndk/27.0.12077973/toolchains/llvm/prebuilt/linux-x86_64/sysroot/usr/lib/arm-linux-androideabi/21 -L/home/chinmay/Android/Sdk/ndk/27.0.12077973/toolchains/llvm/prebuilt/linux-x86_64/sysroot/usr/lib/arm-linux-androideabi -L/home/chinmay/Android/Sdk/ndk/27.0.12077973/toolchains/llvm/prebuilt/linux-x86_64/sysroot/usr/lib/../lib -L/home/chinmay/Android/Sdk/ndk/27.0.12077973/toolchains/llvm/prebuilt/linux-x86_64/sysroot/usr/lib --build-id=sha1 --no-rosegment --no-undefined-version --fatal-warnings --no-undefined CMakeFiles/cmTC_f6907.dir/CMakeCXXCompilerABI.cpp.o -Bstatic -lc++ -Bdynamic -lm /home/chinmay/Android/Sdk/ndk/27.0.12077973/toolchains/llvm/prebuilt/linux-x86_64/lib/clang/18/lib/linux/libclang_rt.builtins-arm-android.a -l:libunwind.a -ldl -lc /home/chinmay/Android/Sdk/ndk/27.0.12077973/toolchains/llvm/prebuilt/linux-x86_64/lib/clang/18/lib/linux/libclang_rt.builtins-arm-android.a -l:libunwind.a -ldl /home/chinmay/Android/Sdk/ndk/27.0.12077973/toolchains/llvm/prebuilt/linux-x86_64/sysroot/usr/lib/arm-linux-androideabi/21/crtend_android.o



Parsed CXX implicit include dir info from above output: rv=done
  found start of include info
  found start of implicit include info
    add: [/home/chinmay/Android/Sdk/ndk/27.0.12077973/toolchains/llvm/prebuilt/linux-x86_64/sysroot/usr/include/c++/v1]
    add: [/home/chinmay/Android/Sdk/ndk/27.0.12077973/toolchains/llvm/prebuilt/linux-x86_64/lib/clang/18/include]
    add: [/home/chinmay/Android/Sdk/ndk/27.0.12077973/toolchains/llvm/prebuilt/linux-x86_64/sysroot/usr/include/arm-linux-androideabi]
    add: [/home/chinmay/Android/Sdk/ndk/27.0.12077973/toolchains/llvm/prebuilt/linux-x86_64/sysroot/usr/include]
  end of search list found
  collapse include dir [/home/chinmay/Android/Sdk/ndk/27.0.12077973/toolchains/llvm/prebuilt/linux-x86_64/sysroot/usr/include/c++/v1] ==> [/home/chinmay/Android/Sdk/ndk/27.0.12077973/toolchains/llvm/prebuilt/linux-x86_64/sysroot/usr/include/c++/v1]
  collapse include dir [/home/chinmay/Android/Sdk/ndk/27.0.12077973/toolchains/llvm/prebuilt/linux-x86_64/lib/clang/18/include] ==> [/home/chinmay/Android/Sdk/ndk/27.0.12077973/toolchains/llvm/prebuilt/linux-x86_64/lib/clang/18/include]
  collapse include dir [/home/chinmay/Android/Sdk/ndk/27.0.12077973/toolchains/llvm/prebuilt/linux-x86_64/sysroot/usr/include/arm-linux-androideabi] ==> [/home/chinmay/Android/Sdk/ndk/27.0.12077973/toolchains/llvm/prebuilt/linux-x86_64/sysroot/usr/include/arm-linux-androideabi]
  collapse include dir [/home/chinmay/Android/Sdk/ndk/27.0.12077973/toolchains/llvm/prebuilt/linux-x86_64/sysroot/usr/include] ==> [/home/chinmay/Android/Sdk/ndk/27.0.12077973/toolchains/llvm/prebuilt/linux-x86_64/sysroot/usr/include]
  implicit include dirs: [/home/chinmay/Android/Sdk/ndk/27.0.12077973/toolchains/llvm/prebuilt/linux-x86_64/sysroot/usr/include/c++/v1;/home/chinmay/Android/Sdk/ndk/27.0.12077973/toolchains/llvm/prebuilt/linux-x86_64/lib/clang/18/include;/home/chinmay/Android/Sdk/ndk/27.0.12077973/toolchains/llvm/prebuilt/linux-x86_64/sysroot/usr/include/arm-linux-androideabi;/home/chinmay/Android/Sdk/ndk/27.0.12077973/toolchains/llvm/prebuilt/linux-x86_64/sysroot/usr/include]


Parsed CXX implicit link information from above output:
  link line regex: [^( *|.*[/\])(ld\.lld|CMAKE_LINK_STARTFILE-NOTFOUND|([^/\]+-)?ld|collect2)[^/\]*( |$)]
  ignore line: [Change Dir: /home/chinmay/workspace/usb_cam_app_v4/uvc_cam_app/app/.cxx/Debug/3r3c2n1v/armeabi-v7a/CMakeFiles/CMakeTmp]
  ignore line: []
  ignore line: [Run Build Command(s):/home/chinmay/Android/Sdk/cmake/3.22.1/bin/ninja cmTC_f6907 && [1/2] Building CXX object CMakeFiles/cmTC_f6907.dir/CMakeCXXCompilerABI.cpp.o]
  ignore line: [Android (12027248  +pgo  +bolt  +lto  +mlgo  based on r522817) clang version 18.0.1 (https://android.googlesource.com/toolchain/llvm-project d8003a456d14a3deb8054cdaa529ffbf02d9b262)]
  ignore line: [Target: armv7-none-linux-android21]
  ignore line: [Thread model: posix]
  ignore line: [InstalledDir: /home/chinmay/Android/Sdk/ndk/27.0.12077973/toolchains/llvm/prebuilt/linux-x86_64/bin]
  ignore line: [ (in-process)]
  ignore line: [ "/home/chinmay/Android/Sdk/ndk/27.0.12077973/toolchains/llvm/prebuilt/linux-x86_64/bin/clang++" -cc1 -triple armv7-none-linux-android21 -emit-obj -mrelax-all -disable-free -clear-ast-before-backend -disable-llvm-verifier -discard-value-names -main-file-name CMakeCXXCompilerABI.cpp -mrelocation-model pic -pic-level 2 -pic-is-pie -mframe-pointer=all -ffp-contract=on -fno-rounding-math -mconstructor-aliases -funwind-tables=1 -target-cpu generic -target-feature +soft-float-abi -target-feature +vfp2 -target-feature +vfp2sp -target-feature +vfp3 -target-feature +vfp3d16 -target-feature +vfp3d16sp -target-feature +vfp3sp -target-feature -fp16 -target-feature -vfp4 -target-feature -vfp4d16 -target-feature -vfp4d16sp -target-feature -vfp4sp -target-feature -fp-armv8 -target-feature -fp-armv8d16 -target-feature -fp-armv8d16sp -target-feature -fp-armv8sp -target-feature -fullfp16 -target-feature +fp64 -target-feature +d32 -target-feature +neon -target-feature -sha2 -target-feature -aes -target-feature -fp16fml -target-abi aapcs-linux -mfloat-abi soft -debug-info-kind=constructor -dwarf-version=4 -debugger-tuning=gdb -fdebug-compilation-dir=/home/chinmay/workspace/usb_cam_app_v4/uvc_cam_app/app/.cxx/Debug/3r3c2n1v/armeabi-v7a/CMakeFiles/CMakeTmp -v -ffunction-sections -fdata-sections -fcoverage-compilation-dir=/home/chinmay/workspace/usb_cam_app_v4/uvc_cam_app/app/.cxx/Debug/3r3c2n1v/armeabi-v7a/CMakeFiles/CMakeTmp -resource-dir /home/chinmay/Android/Sdk/ndk/27.0.12077973/toolchains/llvm/prebuilt/linux-x86_64/lib/clang/18 -dependency-file CMakeFiles/cmTC_f6907.dir/CMakeCXXCompilerABI.cpp.o.d -MT CMakeFiles/cmTC_f6907.dir/CMakeCXXCompilerABI.cpp.o -sys-header-deps -D ANDROID -D __BIONIC_NO_PAGE_SIZE_MACRO -D _FORTIFY_SOURCE=2 -isysroot /home/chinmay/Android/Sdk/ndk/27.0.12077973/toolchains/llvm/prebuilt/linux-x86_64/sysroot -internal-isystem /home/chinmay/Android/Sdk/ndk/27.0.12077973/toolchains/llvm/prebuilt/linux-x86_64/sysroot/usr/include/c++/v1 -internal-isystem /home/chinmay/Android/Sdk/ndk/27.0.12077973/toolchains/llvm/prebuilt/linux-x86_64/lib/clang/18/include -internal-isystem /home/chinmay/Android/Sdk/ndk/27.0.12077973/toolchains/llvm/prebuilt/linux-x86_64/sysroot/usr/local/include -internal-externc-isystem /home/chinmay/Android/Sdk/ndk/27.0.12077973/toolchains/llvm/prebuilt/linux-x86_64/sysroot/usr/include/arm-linux-androideabi -internal-externc-isystem /home/chinmay/Android/Sdk/ndk/27.0.12077973/toolchains/llvm/prebuilt/linux-x86_64/sysroot/include -internal-externc-isystem /home/chinmay/Android/Sdk/ndk/27.0.12077973/toolchains/llvm/prebuilt/linux-x86_64/sysroot/usr/include -Wformat -std=c++11 -fdeprecated-macro -ferror-limit 19 -femulated-tls -stack-protector 2 -fno-signed-char -fgnuc-version=4.2.1 -fcxx-exceptions -fexceptions -D__GCC_HAVE_DWARF2_CFI_ASM=1 -o CMakeFiles/cmTC_f6907.dir/CMakeCXXCompilerABI.cpp.o -x c++ /home/chinmay/Android/Sdk/cmake/3.22.1/share/cmake-3.22/Modules/CMakeCXXCompilerABI.cpp]
  ignore line: [clang -cc1 version 18.0.1 based upon LLVM 18.0.1 default target x86_64-unknown-linux-gnu]
  ignore line: [ignoring nonexistent directory "/home/chinmay/Android/Sdk/ndk/27.0.12077973/toolchains/llvm/prebuilt/linux-x86_64/sysroot/usr/local/include"]
  ignore line: [ignoring nonexistent directory "/home/chinmay/Android/Sdk/ndk/27.0.12077973/toolchains/llvm/prebuilt/linux-x86_64/sysroot/include"]
  ignore line: [#include "..." search starts here:]
  ignore line: [#include <...> search starts here:]
  ignore line: [ /home/chinmay/Android/Sdk/ndk/27.0.12077973/toolchains/llvm/prebuilt/linux-x86_64/sysroot/usr/include/c++/v1]
  ignore line: [ /home/chinmay/Android/Sdk/ndk/27.0.12077973/toolchains/llvm/prebuilt/linux-x86_64/lib/clang/18/include]
  ignore line: [ /home/chinmay/Android/Sdk/ndk/27.0.12077973/toolchains/llvm/prebuilt/linux-x86_64/sysroot/usr/include/arm-linux-androideabi]
  ignore line: [ /home/chinmay/Android/Sdk/ndk/27.0.12077973/toolchains/llvm/prebuilt/linux-x86_64/sysroot/usr/include]
  ignore line: [End of search list.]
  ignore line: [[2/2] Linking CXX executable cmTC_f6907]
  ignore line: [Android (12027248  +pgo  +bolt  +lto  +mlgo  based on r522817) clang version 18.0.1 (https://android.googlesource.com/toolchain/llvm-project d8003a456d14a3deb8054cdaa529ffbf02d9b262)]
  ignore line: [Target: armv7-none-linux-android21]
  ignore line: [Thread model: posix]
  ignore line: [InstalledDir: /home/chinmay/Android/Sdk/ndk/27.0.12077973/toolchains/llvm/prebuilt/linux-x86_64/bin]
  link line: [ "/home/chinmay/Android/Sdk/ndk/27.0.12077973/toolchains/llvm/prebuilt/linux-x86_64/bin/ld.lld" --sysroot=/home/chinmay/Android/Sdk/ndk/27.0.12077973/toolchains/llvm/prebuilt/linux-x86_64/sysroot -EL -z now -z relro -z max-page-size=4096 -X --hash-style=both --eh-frame-hdr -m armelf_linux_eabi -pie -dynamic-linker /system/bin/linker -o cmTC_f6907 /home/chinmay/Android/Sdk/ndk/27.0.12077973/toolchains/llvm/prebuilt/linux-x86_64/sysroot/usr/lib/arm-linux-androideabi/21/crtbegin_dynamic.o -L/home/chinmay/Android/Sdk/ndk/27.0.12077973/toolchains/llvm/prebuilt/linux-x86_64/lib/clang/18/lib/linux/arm -L/home/chinmay/Android/Sdk/ndk/27.0.12077973/toolchains/llvm/prebuilt/linux-x86_64/sysroot/usr/lib/arm-linux-androideabi/21 -L/home/chinmay/Android/Sdk/ndk/27.0.12077973/toolchains/llvm/prebuilt/linux-x86_64/sysroot/usr/lib/arm-linux-androideabi -L/home/chinmay/Android/Sdk/ndk/27.0.12077973/toolchains/llvm/prebuilt/linux-x86_64/sysroot/usr/lib/../lib -L/home/chinmay/Android/Sdk/ndk/27.0.12077973/toolchains/llvm/prebuilt/linux-x86_64/sysroot/usr/lib --build-id=sha1 --no-rosegment --no-undefined-version --fatal-warnings --no-undefined CMakeFiles/cmTC_f6907.dir/CMakeCXXCompilerABI.cpp.o -Bstatic -lc++ -Bdynamic -lm /home/chinmay/Android/Sdk/ndk/27.0.12077973/toolchains/llvm/prebuilt/linux-x86_64/lib/clang/18/lib/linux/libclang_rt.builtins-arm-android.a -l:libunwind.a -ldl -lc /home/chinmay/Android/Sdk/ndk/27.0.12077973/toolchains/llvm/prebuilt/linux-x86_64/lib/clang/18/lib/linux/libclang_rt.builtins-arm-android.a -l:libunwind.a -ldl /home/chinmay/Android/Sdk/ndk/27.0.12077973/toolchains/llvm/prebuilt/linux-x86_64/sysroot/usr/lib/arm-linux-androideabi/21/crtend_android.o]
    arg [/home/chinmay/Android/Sdk/ndk/27.0.12077973/toolchains/llvm/prebuilt/linux-x86_64/bin/ld.lld] ==> ignore
    arg [--sysroot=/home/chinmay/Android/Sdk/ndk/27.0.12077973/toolchains/llvm/prebuilt/linux-x86_64/sysroot] ==> ignore
    arg [-EL] ==> ignore
    arg [-znow] ==> ignore
    arg [-zrelro] ==> ignore
    arg [-zmax-page-size=4096] ==> ignore
    arg [-X] ==> ignore
    arg [--hash-style=both] ==> ignore
    arg [--eh-frame-hdr] ==> ignore
    arg [-m] ==> ignore
    arg [armelf_linux_eabi] ==> ignore
    arg [-pie] ==> ignore
    arg [-dynamic-linker] ==> ignore
    arg [/system/bin/linker] ==> ignore
    arg [-o] ==> ignore
    arg [cmTC_f6907] ==> ignore
    arg [/home/chinmay/Android/Sdk/ndk/27.0.12077973/toolchains/llvm/prebuilt/linux-x86_64/sysroot/usr/lib/arm-linux-androideabi/21/crtbegin_dynamic.o] ==> obj [/home/chinmay/Android/Sdk/ndk/27.0.12077973/toolchains/llvm/prebuilt/linux-x86_64/sysroot/usr/lib/arm-linux-androideabi/21/crtbegin_dynamic.o]
    arg [-L/home/chinmay/Android/Sdk/ndk/27.0.12077973/toolchains/llvm/prebuilt/linux-x86_64/lib/clang/18/lib/linux/arm] ==> dir [/home/chinmay/Android/Sdk/ndk/27.0.12077973/toolchains/llvm/prebuilt/linux-x86_64/lib/clang/18/lib/linux/arm]
    arg [-L/home/chinmay/Android/Sdk/ndk/27.0.12077973/toolchains/llvm/prebuilt/linux-x86_64/sysroot/usr/lib/arm-linux-androideabi/21] ==> dir [/home/chinmay/Android/Sdk/ndk/27.0.12077973/toolchains/llvm/prebuilt/linux-x86_64/sysroot/usr/lib/arm-linux-androideabi/21]
    arg [-L/home/chinmay/Android/Sdk/ndk/27.0.12077973/toolchains/llvm/prebuilt/linux-x86_64/sysroot/usr/lib/arm-linux-androideabi] ==> dir [/home/chinmay/Android/Sdk/ndk/27.0.12077973/toolchains/llvm/prebuilt/linux-x86_64/sysroot/usr/lib/arm-linux-androideabi]
    arg [-L/home/chinmay/Android/Sdk/ndk/27.0.12077973/toolchains/llvm/prebuilt/linux-x86_64/sysroot/usr/lib/../lib] ==> dir [/home/chinmay/Android/Sdk/ndk/27.0.12077973/toolchains/llvm/prebuilt/linux-x86_64/sysroot/usr/lib/../lib]
    arg [-L/home/chinmay/Android/Sdk/ndk/27.0.12077973/toolchains/llvm/prebuilt/linux-x86_64/sysroot/usr/lib] ==> dir [/home/chinmay/Android/Sdk/ndk/27.0.12077973/toolchains/llvm/prebuilt/linux-x86_64/sysroot/usr/lib]
    arg [--build-id=sha1] ==> ignore
    arg [--no-rosegment] ==> ignore
    arg [--no-undefined-version] ==> ignore
    arg [--fatal-warnings] ==> ignore
    arg [--no-undefined] ==> ignore
    arg [CMakeFiles/cmTC_f6907.dir/CMakeCXXCompilerABI.cpp.o] ==> ignore
    arg [-Bstatic] ==> search static
    arg [-lc++] ==> lib [c++]
    arg [-Bdynamic] ==> search dynamic
    arg [-lm] ==> lib [m]
    arg [/home/chinmay/Android/Sdk/ndk/27.0.12077973/toolchains/llvm/prebuilt/linux-x86_64/lib/clang/18/lib/linux/libclang_rt.builtins-arm-android.a] ==> lib [/home/chinmay/Android/Sdk/ndk/27.0.12077973/toolchains/llvm/prebuilt/linux-x86_64/lib/clang/18/lib/linux/libclang_rt.builtins-arm-android.a]
    arg [-l:libunwind.a] ==> lib [-l:libunwind.a]
    arg [-ldl] ==> lib [dl]
    arg [-lc] ==> lib [c]
    arg [/home/chinmay/Android/Sdk/ndk/27.0.12077973/toolchains/llvm/prebuilt/linux-x86_64/lib/clang/18/lib/linux/libclang_rt.builtins-arm-android.a] ==> lib [/home/chinmay/Android/Sdk/ndk/27.0.12077973/toolchains/llvm/prebuilt/linux-x86_64/lib/clang/18/lib/linux/libclang_rt.builtins-arm-android.a]
    arg [-l:libunwind.a] ==> lib [-l:libunwind.a]
    arg [-ldl] ==> lib [dl]
    arg [/home/chinmay/Android/Sdk/ndk/27.0.12077973/toolchains/llvm/prebuilt/linux-x86_64/sysroot/usr/lib/arm-linux-androideabi/21/crtend_android.o] ==> obj [/home/chinmay/Android/Sdk/ndk/27.0.12077973/toolchains/llvm/prebuilt/linux-x86_64/sysroot/usr/lib/arm-linux-androideabi/21/crtend_android.o]
  remove lib [/home/chinmay/Android/Sdk/ndk/27.0.12077973/toolchains/llvm/prebuilt/linux-x86_64/lib/clang/18/lib/linux/libclang_rt.builtins-arm-android.a]
  remove lib [/home/chinmay/Android/Sdk/ndk/27.0.12077973/toolchains/llvm/prebuilt/linux-x86_64/lib/clang/18/lib/linux/libclang_rt.builtins-arm-android.a]
  collapse library dir [/home/chinmay/Android/Sdk/ndk/27.0.12077973/toolchains/llvm/prebuilt/linux-x86_64/lib/clang/18/lib/linux/arm] ==> [/home/chinmay/Android/Sdk/ndk/27.0.12077973/toolchains/llvm/prebuilt/linux-x86_64/lib/clang/18/lib/linux/arm]
  collapse library dir [/home/chinmay/Android/Sdk/ndk/27.0.12077973/toolchains/llvm/prebuilt/linux-x86_64/sysroot/usr/lib/arm-linux-androideabi/21] ==> [/home/chinmay/Android/Sdk/ndk/27.0.12077973/toolchains/llvm/prebuilt/linux-x86_64/sysroot/usr/lib/arm-linux-androideabi/21]
  collapse library dir [/home/chinmay/Android/Sdk/ndk/27.0.12077973/toolchains/llvm/prebuilt/linux-x86_64/sysroot/usr/lib/arm-linux-androideabi] ==> [/home/chinmay/Android/Sdk/ndk/27.0.12077973/toolchains/llvm/prebuilt/linux-x86_64/sysroot/usr/lib/arm-linux-androideabi]
  collapse library dir [/home/chinmay/Android/Sdk/ndk/27.0.12077973/toolchains/llvm/prebuilt/linux-x86_64/sysroot/usr/lib/../lib] ==> [/home/chinmay/Android/Sdk/ndk/27.0.12077973/toolchains/llvm/prebuilt/linux-x86_64/sysroot/usr/lib]
  collapse library dir [/home/chinmay/Android/Sdk/ndk/27.0.12077973/toolchains/llvm/prebuilt/linux-x86_64/sysroot/usr/lib] ==> [/home/chinmay/Android/Sdk/ndk/27.0.12077973/toolchains/llvm/prebuilt/linux-x86_64/sysroot/usr/lib]
  implicit libs: [c++;m;-l:libunwind.a;dl;c;-l:libunwind.a;dl]
  implicit objs: [/home/chinmay/Android/Sdk/ndk/27.0.12077973/toolchains/llvm/prebuilt/linux-x86_64/sysroot/usr/lib/arm-linux-androideabi/21/crtbegin_dynamic.o;/home/chinmay/Android/Sdk/ndk/27.0.12077973/toolchains/llvm/prebuilt/linux-x86_64/sysroot/usr/lib/arm-linux-androideabi/21/crtend_android.o]
  implicit dirs: [/home/chinmay/Android/Sdk/ndk/27.0.12077973/toolchains/llvm/prebuilt/linux-x86_64/lib/clang/18/lib/linux/arm;/home/chinmay/Android/Sdk/ndk/27.0.12077973/toolchains/llvm/prebuilt/linux-x86_64/sysroot/usr/lib/arm-linux-androideabi/21;/home/chinmay/Android/Sdk/ndk/27.0.12077973/toolchains/llvm/prebuilt/linux-x86_64/sysroot/usr/lib/arm-linux-androideabi;/home/chinmay/Android/Sdk/ndk/27.0.12077973/toolchains/llvm/prebuilt/linux-x86_64/sysroot/usr/lib]
  implicit fwks: []


Determining if the function clock_gettime exists passed with the following output:
Change Dir: /home/chinmay/workspace/usb_cam_app_v4/uvc_cam_app/app/.cxx/Debug/3r3c2n1v/armeabi-v7a/CMakeFiles/CMakeTmp

Run Build Command(s):/home/chinmay/Android/Sdk/cmake/3.22.1/bin/ninja cmTC_55c8a && [1/2] Building C object CMakeFiles/cmTC_55c8a.dir/CheckFunctionExists.c.o
[2/2] Linking C executable cmTC_55c8a



Determining if the function pthread_condattr_setclock exists passed with the following output:
Change Dir: /home/chinmay/workspace/usb_cam_app_v4/uvc_cam_app/app/.cxx/Debug/3r3c2n1v/armeabi-v7a/CMakeFiles/CMakeTmp

Run Build Command(s):/home/chinmay/Android/Sdk/cmake/3.22.1/bin/ninja cmTC_b3108 && [1/2] Building C object CMakeFiles/cmTC_b3108.dir/CheckFunctionExists.c.o
[2/2] Linking C executable cmTC_b3108



Determining if the function pthread_setname_np exists passed with the following output:
Change Dir: /home/chinmay/workspace/usb_cam_app_v4/uvc_cam_app/app/.cxx/Debug/3r3c2n1v/armeabi-v7a/CMakeFiles/CMakeTmp

Run Build Command(s):/home/chinmay/Android/Sdk/cmake/3.22.1/bin/ninja cmTC_db28d && [1/2] Building C object CMakeFiles/cmTC_db28d.dir/CheckFunctionExists.c.o
[2/2] Linking C executable cmTC_db28d



Determining if the function eventfd exists passed with the following output:
Change Dir: /home/chinmay/workspace/usb_cam_app_v4/uvc_cam_app/app/.cxx/Debug/3r3c2n1v/armeabi-v7a/CMakeFiles/CMakeTmp

Run Build Command(s):/home/chinmay/Android/Sdk/cmake/3.22.1/bin/ninja cmTC_1e156 && [1/2] Building C object CMakeFiles/cmTC_1e156.dir/CheckFunctionExists.c.o
[2/2] Linking C executable cmTC_1e156



Determining if the function pipe2 exists passed with the following output:
Change Dir: /home/chinmay/workspace/usb_cam_app_v4/uvc_cam_app/app/.cxx/Debug/3r3c2n1v/armeabi-v7a/CMakeFiles/CMakeTmp

Run Build Command(s):/home/chinmay/Android/Sdk/cmake/3.22.1/bin/ninja cmTC_c1479 && [1/2] Building C object CMakeFiles/cmTC_c1479.dir/CheckFunctionExists.c.o
[2/2] Linking C executable cmTC_c1479



Determining if the function syslog exists passed with the following output:
Change Dir: /home/chinmay/workspace/usb_cam_app_v4/uvc_cam_app/app/.cxx/Debug/3r3c2n1v/armeabi-v7a/CMakeFiles/CMakeTmp

Run Build Command(s):/home/chinmay/Android/Sdk/cmake/3.22.1/bin/ninja cmTC_88dae && [1/2] Building C object CMakeFiles/cmTC_88dae.dir/CheckFunctionExists.c.o
[2/2] Linking C executable cmTC_88dae



Determining if files asm/types.h exist passed with the following output:
Change Dir: /home/chinmay/workspace/usb_cam_app_v4/uvc_cam_app/app/.cxx/Debug/3r3c2n1v/armeabi-v7a/CMakeFiles/CMakeTmp

Run Build Command(s):/home/chinmay/Android/Sdk/cmake/3.22.1/bin/ninja cmTC_fb9cd && [1/2] Building C object CMakeFiles/cmTC_fb9cd.dir/HAVE_ASM_TYPES_H.c.o
[2/2] Linking C executable cmTC_fb9cd



Determining if files dlfcn.h exist passed with the following output:
Change Dir: /home/chinmay/workspace/usb_cam_app_v4/uvc_cam_app/app/.cxx/Debug/3r3c2n1v/armeabi-v7a/CMakeFiles/CMakeTmp

Run Build Command(s):/home/chinmay/Android/Sdk/cmake/3.22.1/bin/ninja cmTC_126c5 && [1/2] Building C object CMakeFiles/cmTC_126c5.dir/HAVE_DLFCN_H.c.o
[2/2] Linking C executable cmTC_126c5



Determining if files inttypes.h exist passed with the following output:
Change Dir: /home/chinmay/workspace/usb_cam_app_v4/uvc_cam_app/app/.cxx/Debug/3r3c2n1v/armeabi-v7a/CMakeFiles/CMakeTmp

Run Build Command(s):/home/chinmay/Android/Sdk/cmake/3.22.1/bin/ninja cmTC_cbc96 && [1/2] Building C object CMakeFiles/cmTC_cbc96.dir/HAVE_INTTYPES_H.c.o
[2/2] Linking C executable cmTC_cbc96



Determining if files stdint.h exist passed with the following output:
Change Dir: /home/chinmay/workspace/usb_cam_app_v4/uvc_cam_app/app/.cxx/Debug/3r3c2n1v/armeabi-v7a/CMakeFiles/CMakeTmp

Run Build Command(s):/home/chinmay/Android/Sdk/cmake/3.22.1/bin/ninja cmTC_35b13 && [1/2] Building C object CMakeFiles/cmTC_35b13.dir/HAVE_STDINT_H.c.o
[2/2] Linking C executable cmTC_35b13



Determining if files stdlib.h exist passed with the following output:
Change Dir: /home/chinmay/workspace/usb_cam_app_v4/uvc_cam_app/app/.cxx/Debug/3r3c2n1v/armeabi-v7a/CMakeFiles/CMakeTmp

Run Build Command(s):/home/chinmay/Android/Sdk/cmake/3.22.1/bin/ninja cmTC_9ce19 && [1/2] Building C object CMakeFiles/cmTC_9ce19.dir/HAVE_STDLIB_H.c.o
[2/2] Linking C executable cmTC_9ce19



Determining if files string.h exist passed with the following output:
Change Dir: /home/chinmay/workspace/usb_cam_app_v4/uvc_cam_app/app/.cxx/Debug/3r3c2n1v/armeabi-v7a/CMakeFiles/CMakeTmp

Run Build Command(s):/home/chinmay/Android/Sdk/cmake/3.22.1/bin/ninja cmTC_8e70c && [1/2] Building C object CMakeFiles/cmTC_8e70c.dir/HAVE_STRING_H.c.o
[2/2] Linking C executable cmTC_8e70c



Determining if files strings.h exist passed with the following output:
Change Dir: /home/chinmay/workspace/usb_cam_app_v4/uvc_cam_app/app/.cxx/Debug/3r3c2n1v/armeabi-v7a/CMakeFiles/CMakeTmp

Run Build Command(s):/home/chinmay/Android/Sdk/cmake/3.22.1/bin/ninja cmTC_02760 && [1/2] Building C object CMakeFiles/cmTC_02760.dir/HAVE_STRINGS_H.c.o
[2/2] Linking C executable cmTC_02760



Determining if files sys/stat.h exist passed with the following output:
Change Dir: /home/chinmay/workspace/usb_cam_app_v4/uvc_cam_app/app/.cxx/Debug/3r3c2n1v/armeabi-v7a/CMakeFiles/CMakeTmp

Run Build Command(s):/home/chinmay/Android/Sdk/cmake/3.22.1/bin/ninja cmTC_3510d && [1/2] Building C object CMakeFiles/cmTC_3510d.dir/HAVE_SYS_STAT_H.c.o
[2/2] Linking C executable cmTC_3510d



Determining if files sys/time.h exist passed with the following output:
Change Dir: /home/chinmay/workspace/usb_cam_app_v4/uvc_cam_app/app/.cxx/Debug/3r3c2n1v/armeabi-v7a/CMakeFiles/CMakeTmp

Run Build Command(s):/home/chinmay/Android/Sdk/cmake/3.22.1/bin/ninja cmTC_35614 && [1/2] Building C object CMakeFiles/cmTC_35614.dir/HAVE_SYS_TIME_H.c.o
[2/2] Linking C executable cmTC_35614



Determining if files sys/types.h exist passed with the following output:
Change Dir: /home/chinmay/workspace/usb_cam_app_v4/uvc_cam_app/app/.cxx/Debug/3r3c2n1v/armeabi-v7a/CMakeFiles/CMakeTmp

Run Build Command(s):/home/chinmay/Android/Sdk/cmake/3.22.1/bin/ninja cmTC_5629b && [1/2] Building C object CMakeFiles/cmTC_5629b.dir/HAVE_SYS_TYPES_H.c.o
[2/2] Linking C executable cmTC_5629b



Determining if files unistd.h exist passed with the following output:
Change Dir: /home/chinmay/workspace/usb_cam_app_v4/uvc_cam_app/app/.cxx/Debug/3r3c2n1v/armeabi-v7a/CMakeFiles/CMakeTmp

Run Build Command(s):/home/chinmay/Android/Sdk/cmake/3.22.1/bin/ninja cmTC_205ba && [1/2] Building C object CMakeFiles/cmTC_205ba.dir/HAVE_UNISTD_H.c.o
[2/2] Linking C executable cmTC_205ba



Determining if files stdlib.h;stdarg.h;string.h;float.h exist passed with the following output:
Change Dir: /home/chinmay/workspace/usb_cam_app_v4/uvc_cam_app/app/.cxx/Debug/3r3c2n1v/armeabi-v7a/CMakeFiles/CMakeTmp

Run Build Command(s):/home/chinmay/Android/Sdk/cmake/3.22.1/bin/ninja cmTC_d7446 && [1/2] Building C object CMakeFiles/cmTC_d7446.dir/STDC_HEADERS.c.o
[2/2] Linking C executable cmTC_d7446



Determining if the EFD_CLOEXEC exist passed with the following output:
Change Dir: /home/chinmay/workspace/usb_cam_app_v4/uvc_cam_app/app/.cxx/Debug/3r3c2n1v/armeabi-v7a/CMakeFiles/CMakeTmp

Run Build Command(s):/home/chinmay/Android/Sdk/cmake/3.22.1/bin/ninja cmTC_53060 && [1/2] Building C object CMakeFiles/cmTC_53060.dir/CheckSymbolExists.c.o
[2/2] Linking C executable cmTC_53060


File /home/chinmay/workspace/usb_cam_app_v4/uvc_cam_app/app/.cxx/Debug/3r3c2n1v/armeabi-v7a/CMakeFiles/CMakeTmp/CheckSymbolExists.c:
/* */
#include <sys/eventfd.h>

int main(int argc, char** argv)
{
  (void)argv;
#ifndef EFD_CLOEXEC
  return ((int*)(&EFD_CLOEXEC))[argc];
#else
  (void)argc;
  return 0;
#endif
}
Determining if the EFD_NONBLOCK exist passed with the following output:
Change Dir: /home/chinmay/workspace/usb_cam_app_v4/uvc_cam_app/app/.cxx/Debug/3r3c2n1v/armeabi-v7a/CMakeFiles/CMakeTmp

Run Build Command(s):/home/chinmay/Android/Sdk/cmake/3.22.1/bin/ninja cmTC_0fdc3 && [1/2] Building C object CMakeFiles/cmTC_0fdc3.dir/CheckSymbolExists.c.o
[2/2] Linking C executable cmTC_0fdc3


File /home/chinmay/workspace/usb_cam_app_v4/uvc_cam_app/app/.cxx/Debug/3r3c2n1v/armeabi-v7a/CMakeFiles/CMakeTmp/CheckSymbolExists.c:
/* */
#include <sys/eventfd.h>

int main(int argc, char** argv)
{
  (void)argv;
#ifndef EFD_NONBLOCK
  return ((int*)(&EFD_NONBLOCK))[argc];
#else
  (void)argc;
  return 0;
#endif
}
Determining if the timerfd_create exist passed with the following output:
Change Dir: /home/chinmay/workspace/usb_cam_app_v4/uvc_cam_app/app/.cxx/Debug/3r3c2n1v/armeabi-v7a/CMakeFiles/CMakeTmp

Run Build Command(s):/home/chinmay/Android/Sdk/cmake/3.22.1/bin/ninja cmTC_e8576 && [1/2] Building C object CMakeFiles/cmTC_e8576.dir/CheckSymbolExists.c.o
[2/2] Linking C executable cmTC_e8576


File /home/chinmay/workspace/usb_cam_app_v4/uvc_cam_app/app/.cxx/Debug/3r3c2n1v/armeabi-v7a/CMakeFiles/CMakeTmp/CheckSymbolExists.c:
/* */
#include <sys/timerfd.h>

int main(int argc, char** argv)
{
  (void)argv;
#ifndef timerfd_create
  return ((int*)(&timerfd_create))[argc];
#else
  (void)argc;
  return 0;
#endif
}
Performing C SOURCE FILE Test HAVE_STRUCT_TIMESPEC succeeded with the following output:
Change Dir: /home/chinmay/workspace/usb_cam_app_v4/uvc_cam_app/app/.cxx/Debug/3r3c2n1v/armeabi-v7a/CMakeFiles/CMakeTmp

Run Build Command(s):/home/chinmay/Android/Sdk/cmake/3.22.1/bin/ninja cmTC_5f2c2 && [1/2] Building C object CMakeFiles/cmTC_5f2c2.dir/src.c.o
[2/2] Linking C executable cmTC_5f2c2


Source file was:

#include <time.h>

int main()
{
  (void)sizeof(((struct timespec *)0)->tv_sec);
  return 0;
}

Performing C SOURCE FILE Test HAVE_VISIBILITY succeeded with the following output:
Change Dir: /home/chinmay/workspace/usb_cam_app_v4/uvc_cam_app/app/.cxx/Debug/3r3c2n1v/armeabi-v7a/CMakeFiles/CMakeTmp

Run Build Command(s):/home/chinmay/Android/Sdk/cmake/3.22.1/bin/ninja cmTC_0b9bf && [1/2] Building C object CMakeFiles/cmTC_0b9bf.dir/src.c.o
[2/2] Linking C executable cmTC_0b9bf


Source file was:
int main(void) { return 0; }
